
> colacomigo@0.1.0 pages:build
> opennextjs-cloudflare build


ÔöîÔöÇÔöÇÔöÇÔöÇÔöÇÔöÇÔöÇÔöÇÔöÇÔöÇÔöÇÔöÇÔöÇÔöÇÔöÇÔöÇÔöÇÔöÇÔöÇÔöÇÔöÇÔöÇÔöÇÔöÇÔöÇÔöÇÔöÇÔöÇÔöÇÔöÉ
Ôöé OpenNext ÔÇö Cloudflare build Ôöé
ÔööÔöÇÔöÇÔöÇÔöÇÔöÇÔöÇÔöÇÔöÇÔöÇÔöÇÔöÇÔöÇÔöÇÔöÇÔöÇÔöÇÔöÇÔöÇÔöÇÔöÇÔöÇÔöÇÔöÇÔöÇÔöÇÔöÇÔöÇÔöÇÔöÇÔöÿ

node.exe : WARN OpenNext is not fully compatible with Windows.
No linha:1 caractere:1
+ & "C:\Program Files\nodejs/node.exe" "C:\Program Files\nodejs/node_mo ...
+ ~~~~~~~~~~~~~~~~~~~~~~~~~~~~~~~~~~~~~~~~~~~~~~~~~~~~~~~~~~~~~~~~~~~~~
    + CategoryInfo          : NotSpecified: (WARN OpenNext i...e with Windows. 
   :String) [], RemoteException
    + FullyQualifiedErrorId : NativeCommandError
 
WARN For optimal performance, it is recommended to use Windows Subsystem for 
Linux (WSL).
WARN While OpenNext may function on Windows, it could encounter unpredictable 
failures during runtime.
App directory: D:\Laercio\colacomigo
Next.js version : 16.1.6
@opennextjs/cloudflare version: 1.17.1
@opennextjs/aws version: 3.9.16

ÔöîÔöÇÔöÇÔöÇÔöÇÔöÇÔöÇÔöÇÔöÇÔöÇÔöÇÔöÇÔöÇÔöÇÔöÇÔöÇÔöÇÔöÇÔöÇÔöÇÔöÇÔöÇÔöÇÔöÇÔöÇÔöÇÔöÇÔöÇÔöÇÔöÇÔöÇÔöÇÔöÇÔöÇÔöÉ
Ôöé OpenNext ÔÇö Building Next.js app Ôöé
ÔööÔöÇÔöÇÔöÇÔöÇÔöÇÔöÇÔöÇÔöÇÔöÇÔöÇÔöÇÔöÇÔöÇÔöÇÔöÇÔöÇÔöÇÔöÇÔöÇÔöÇÔöÇÔöÇÔöÇÔöÇÔöÇÔöÇÔöÇÔöÇÔöÇÔöÇÔöÇÔöÇÔöÇÔöÿ


> colacomigo@0.1.0 build
> next build

Ôû▓ Next.js 16.1.6 (Turbopack)
- Environments: .env.local
- Experiments (use with caution):
  Ô£ô optimizeCss
  ┬À optimizePackageImports

ÔÜá The "middleware" file convention is deprecated. Please use "proxy" 
instead. Learn more: https://nextjs.org/docs/messages/middleware-to-proxy
  Creating an optimized production build ...
Ô£ô Compiled successfully in 17.6s
  Running TypeScript ...
  Collecting page data using 7 workers ...
ÔÜá Using edge runtime on a page currently disables static generation for that 
page
  Generating static pages using 7 workers (0/31) ...
  Generating static pages using 7 workers (7/31) 
  Generating static pages using 7 workers (15/31) 
  Generating static pages using 7 workers (23/31) 
Ô£ô Generating static pages using 7 workers (31/31) in 2.5s
  Finalizing page optimization ...

Route (app)                                 Revalidate  Expire
Ôöî Ôùï /                                               2m      1y
Ôö£ Ôùï /_not-found
Ôö£ Ôùï /admin
Ôö£ Ôùï /admin/banners
Ôö£ Ôùï /admin/categorias
Ôö£ Ôùï /admin/clientes
Ôö£ Ôùï /admin/colecoes
Ôö£ Ôùï /admin/configuracoes
Ôö£ Ôùï /admin/cupons
Ôö£ Ôùï /admin/depoimentos
Ôö£ Ôùï /admin/financeiro
Ôö£ Ôùï /admin/frete
Ôö£ Ôùï /admin/login
Ôö£ Ôùï /admin/marcas
Ôö£ Ôùï /admin/pedidos
Ôö£ ãÆ /admin/pedidos/[id]
Ôö£ Ôùï /admin/produtos
Ôö£ ãÆ /admin/produtos/[id]
Ôö£ Ôùï /admin/produtos/novo
Ôö£ ãÆ /api/admin/banners/[[...slug]]
Ôö£ ãÆ /api/admin/brands/[[...slug]]
Ôö£ ãÆ /api/admin/categories/[[...slug]]
Ôö£ ãÆ /api/admin/collections/[[...slug]]
Ôö£ ãÆ /api/admin/coupons/[[...slug]]
Ôö£ ãÆ /api/admin/financeiro
Ôö£ ãÆ /api/admin/orders
Ôö£ ãÆ /api/admin/orders/[id]
Ôö£ ãÆ /api/admin/orders/[id]/send-email
Ôö£ ãÆ /api/admin/products
Ôö£ ãÆ /api/admin/products/[id]
Ôö£ ãÆ /api/admin/profiles/[[...slug]]
Ôö£ ãÆ /api/admin/shipping-settings
Ôö£ ãÆ /api/admin/stats
Ôö£ ãÆ /api/admin/store-settings
Ôö£ ãÆ /api/admin/testimonials/[[...slug]]
Ôö£ ãÆ /api/admin/upload
Ôö£ ãÆ /api/auth/signout
Ôö£ ãÆ /api/checkout/coupon
Ôö£ ãÆ /api/checkout/order-status
Ôö£ ãÆ /api/checkout/payment
Ôö£ ãÆ /api/checkout/preference
Ôö£ ãÆ /api/checkout/shipping
Ôö£ ãÆ /api/checkout/webhook
Ôö£ ãÆ /api/store/settings
Ôö£ Ôùï /carrinho
Ôö£ ãÆ /categorias
Ôö£ ãÆ /categorias/[slug]
Ôö£ Ôùï /checkout
Ôö£ Ôùï /checkout/sucesso
Ôö£ Ôùï /colecoes
Ôö£ ãÆ /colecoes/[slug]
Ôö£ Ôùï /conta/pedidos
Ôö£ Ôùï /institucional/pagamento-e-frete
Ôö£ Ôùï /institucional/politica-de-privacidade
Ôö£ Ôùï /institucional/trocas-e-devolucoes
Ôö£ Ôùï /login
Ôö£ Ôùï /marcas
Ôö£ ãÆ /marcas/[slug]
Ôö£ ãÆ /produtos
Ôö£ ãÆ /produtos/[slug]
Ôö£ Ôùï /robots.txt
Ôöö Ôùï /sitemap.xml


ãÆ Proxy (Middleware)

Ôùï  (Static)   prerendered as static content
ãÆ  (Dynamic)  server-rendered on demand


ÔöîÔöÇÔöÇÔöÇÔöÇÔöÇÔöÇÔöÇÔöÇÔöÇÔöÇÔöÇÔöÇÔöÇÔöÇÔöÇÔöÇÔöÇÔöÇÔöÇÔöÇÔöÇÔöÇÔöÇÔöÇÔöÇÔöÇÔöÇÔöÇÔöÇÔöÇÔöÉ
Ôöé OpenNext ÔÇö Generating bundle Ôöé
ÔööÔöÇÔöÇÔöÇÔöÇÔöÇÔöÇÔöÇÔöÇÔöÇÔöÇÔöÇÔöÇÔöÇÔöÇÔöÇÔöÇÔöÇÔöÇÔöÇÔöÇÔöÇÔöÇÔöÇÔöÇÔöÇÔöÇÔöÇÔöÇÔöÇÔöÇÔöÿ

Bundling middleware function...
Bundling static assets...
Bundling cache assets...
Building server function: default...
node:internal/fs/cp/cp-sync:56
  fsBinding.cpSyncCheckPaths(src, dest, opts.dereference, opts.recursive);
            ^

Error: ENOENT: no such file or directory, lstat 
'D:\Laercio\colacomigo\.next\standalone\.next\static\css'
    at cpSyncFn (node:internal/fs/cp/cp-sync:56:13)
    at cpSync (node:fs:3147:3)
    at copyTracedFiles (file:///D:/Laercio/colacomigo/node_modules/@opennextjs/
aws/dist/build/copyTracedFiles.js:294:9)
    at generateBundle (file:///D:/Laercio/colacomigo/node_modules/@opennextjs/c
loudflare/dist/cli/build/open-next/createServerBundle.js:121:60)
    at createServerBundle (file:///D:/Laercio/colacomigo/node_modules/@opennext
js/cloudflare/dist/cli/build/open-next/createServerBundle.js:75:11)
    at process.processTicksAndRejections 
(node:internal/process/task_queues:103:5)
    at async build (file:///D:/Laercio/colacomigo/node_modules/@opennextjs/clou
dflare/dist/cli/build/build.js:74:5)
    at async buildCommand (file:///D:/Laercio/colacomigo/node_modules/@opennext
js/cloudflare/dist/cli/commands/build.js:33:5) {
  errno: -4058,
  code: 'ENOENT',
  syscall: 'lstat',
  path: 'D:\\Laercio\\colacomigo\\.next\\standalone\\.next\\static\\css'
}

Node.js v24.11.1
