
> colacomigo@0.1.0 pages:build
> opennextjs-cloudflare build


ÔöîÔöÇÔöÇÔöÇÔöÇÔöÇÔöÇÔöÇÔöÇÔöÇÔöÇÔöÇÔöÇÔöÇÔöÇÔöÇÔöÇÔöÇÔöÇÔöÇÔöÇÔöÇÔöÇÔöÇÔöÇÔöÇÔöÇÔöÇÔöÇÔöÇÔöÉ
Ôöé OpenNext ÔÇö Cloudflare build Ôöé
ÔööÔöÇÔöÇÔöÇÔöÇÔöÇÔöÇÔöÇÔöÇÔöÇÔöÇÔöÇÔöÇÔöÇÔöÇÔöÇÔöÇÔöÇÔöÇÔöÇÔöÇÔöÇÔöÇÔöÇÔöÇÔöÇÔöÇÔöÇÔöÇÔöÇÔöÿ

node.exe : WARN OpenNext is not fully compatible with Windows.
No linha:1 caractere:1
+ & "C:\Program Files\nodejs/node.exe" "C:\Program Files\nodejs/node_mo ...
+ ~~~~~~~~~~~~~~~~~~~~~~~~~~~~~~~~~~~~~~~~~~~~~~~~~~~~~~~~~~~~~~~~~~~~~
    + CategoryInfo          : NotSpecified: (WARN OpenNext i...e with Windows. 
   :String) [], RemoteException
    + FullyQualifiedErrorId : NativeCommandError
 
WARN For optimal performance, it is recommended to use Windows Subsystem for 
Linux (WSL).
WARN While OpenNext may function on Windows, it could encounter unpredictable 
failures during runtime.
App directory: D:\Laercio\colacomigo
Next.js version : 16.1.6
@opennextjs/cloudflare version: 1.17.1
@opennextjs/aws version: 3.9.16

ÔöîÔöÇÔöÇÔöÇÔöÇÔöÇÔöÇÔöÇÔöÇÔöÇÔöÇÔöÇÔöÇÔöÇÔöÇÔöÇÔöÇÔöÇÔöÇÔöÇÔöÇÔöÇÔöÇÔöÇÔöÇÔöÇÔöÇÔöÇÔöÇÔöÇÔöÇÔöÇÔöÇÔöÇÔöÉ
Ôöé OpenNext ÔÇö Building Next.js app Ôöé
ÔööÔöÇÔöÇÔöÇÔöÇÔöÇÔöÇÔöÇÔöÇÔöÇÔöÇÔöÇÔöÇÔöÇÔöÇÔöÇÔöÇÔöÇÔöÇÔöÇÔöÇÔöÇÔöÇÔöÇÔöÇÔöÇÔöÇÔöÇÔöÇÔöÇÔöÇÔöÇÔöÇÔöÇÔöÿ


> colacomigo@0.1.0 build
> next build

Ô¿» Unable to acquire lock at D:\Laercio\colacomigo\.next\lock, is another 
instance of next build running?
  Suggestion: If you intended to restart next build, terminate the other process, and then try again.
node:internal/errors:985
  const err = new Error(message);
              ^

Error: Command failed: npm run build
    at genericNodeError (node:internal/errors:985:15)
    at wrappedFn (node:internal/errors:539:14)
    at checkExecSyncError (node:child_process:925:11)
    at Object.execSync (node:child_process:997:15)
    at buildNextjsApp (file:///D:/Laercio/colacomigo/node_modules/@opennextjs/a
ws/dist/build/buildNextApp.js:15:8)
    at build (file:///D:/Laercio/colacomigo/node_modules/@opennextjs/cloudflare
/dist/cli/build/build.js:50:9)
    at async buildCommand (file:///D:/Laercio/colacomigo/node_modules/@opennext
js/cloudflare/dist/cli/commands/build.js:33:5) {
  status: 1,
  signal: null,
  output: [ null, null, null ],
  pid: 21688,
  stdout: null,
  stderr: null
}

Node.js v24.11.1
